src/apps/NotesApp.tsx(7,27): error TS2307: Cannot find module 'react-markdown' or its corresponding type declarations.
src/components/NotificationCenter.tsx(13,48): error TS2339: Property 'clearNotifications' does not exist on type 'NotificationStore'.
src/components/ui/calendar.tsx(42,9): error TS2353: Object literal may only specify known properties, and 'IconLeft' does not exist in type 'Partial<CustomComponents>'.
